[www.dana.id/index.html]
[backblue.gif]
[fade.gif]
[index.html]
[cdnjs.cloudflare.com/ajax/libs/modern-normalize/1.1.0/modern-normalize.min.css]
[www.dana.id/webAssets/build/_assets/base-AVQTSEJQ.css]
[www.dana.id/webAssets/build/_assets/404-QHTB6AWT.css]
[www.dana.id/webAssets/build/_assets/index-WRN5IYNT.css]
[www.dana.id/webAssets/build/_assets/index-FMQYNFVM.css]
[www.dana.id/webAssets/build/_assets/index-ZP5DTUFZ.css]
[www.dana.id/webAssets/build/_assets/index-6AANLL76.css]
[www.dana.id/webAssets/build/_assets/index-EQSCUEDV.css]
[www.dana.id/webAssets/build/_assets/index-55PBWUN6.css]
[www.dana.id/webAssets/build/_assets/index-FIWDRNKZ.css]
[www.dana.id/webAssets/build/_assets/index-RWMMCOHW.css]
[www.dana.id/webAssets/build/_assets/index-INWWZUPS.css]
[www.dana.id/webAssets/build/_assets/index-GXD4IX4G.css]
[www.dana.id/ak.m]
[www.dana.id/ak.t]
[pagead2.googlesyndication.com/pagead/js/f21a7.txt]
[www.dana.id/personal/digital-wallet.html]
[www.dana.id/personal/finance.html]
[www.dana.id/personal/lifestyle.html]
[www.dana.id/business.html]
[www.dana.id/business/payment-gateway.html]
[www.dana.id/business/payment-gateway/calculator.html]
[www.dana.id/business/integrated-payment.html]
[www.dana.id/business/pos-device.html]
[www.dana.id/business/microbusiness.html]
[www.dana.id/business/disbursement.html]
[www.dana.id/business/deals.html]
[www.dana.id/business/loyalty.html]
[www.dana.id/business/pricing-info.html]
[www.dana.id/business/merchant-resources.html]
[www.dana.id/business/contact-us.html]
[www.dana.id/corporate/career-new.html]
[www.dana.id/corporate/index.html]
[www.dana.id/corporate/newsroom.html]
[www.dana.id/404]
[a.m.dana.id/resource/danaweb-v2/hero-personal-bg-back.png]
[a.m.dana.id/resource/danaweb-v2/hero-personal-bg-subject.png]
[a.m.dana.id/resource/danaweb-v2/web-dana-appf790.png]
[www.dana.id/index6dc5.html]
[a.m.dana.id/resource/danaweb-v2/testimony-subject/DANA-custtesti-agung.jpg]
[a.m.dana.id/resource/danaweb-v2/testimony-subject/DANA-custtesti-asep.jpg]
[a.m.dana.id/resource/danaweb-v2/testimony-subject/DANA-custtesti-mudjianto.jpg]
[a.m.dana.id/resource/danaweb-v2/testimony-subject/DANA-custtesti-triani.jpg]
[a.m.dana.id/resource/danaweb-v2/testimony-subject/DANA-custtesti-dendik.jpg]
[a.m.dana.id/resource/danaweb-v2/testimony-subject/DANA-custtesti-siti.jpg]
[www.dana.id/promo.html]
[www.dana.id/help-center.html]
[www.dana.id/help-center/contact.html]
[www.dana.id/terms.html]
[www.dana.id/policy.html]
[www.dana.id/webAssets/build/manifest-C81F6EEE.js]
[www.dana.id/webAssets/build/entry.client-HLFCYOT2.js]
[www.dana.id/webAssets/build/_shared/chunk-ISPNTJCO.js]
[www.dana.id/webAssets/build/_shared/chunk-MXARKW72.js]
[www.dana.id/webAssets/build/_shared/chunk-4ZJHFBLH.js]
[www.dana.id/webAssets/build/_shared/chunk-EHYKNBIC.js]
[www.dana.id/webAssets/build/_shared/chunk-5MGMI57N.js]
[www.dana.id/webAssets/build/_shared/chunk-XRXIQCWO.js]
[www.dana.id/webAssets/build/_shared/chunk-UL56J4DZ.js]
[www.dana.id/webAssets/build/_shared/chunk-WME7ILXT.js]
[www.dana.id/webAssets/build/_shared/chunk-O6BFNKV6.js]
[www.dana.id/webAssets/build/_shared/chunk-H2VIDQIX.js]
[www.dana.id/webAssets/build/_shared/chunk-LDR6PFEV.js]
[www.dana.id/webAssets/build/_shared/chunk-IF3MGTIZ.js]
[www.dana.id/webAssets/build/_shared/chunk-P3Z7AIXK.js]
[www.dana.id/webAssets/build/_shared/chunk-J526TDTE.js]
[www.dana.id/webAssets/build/_shared/chunk-HQMYKIBS.js]
[www.dana.id/webAssets/build/_shared/chunk-YCQVIJCP.js]
[www.dana.id/webAssets/build/_shared/chunk-HFGVSBK7.js]
[www.dana.id/webAssets/build/_shared/chunk-HU6OVYMC.js]
[www.dana.id/webAssets/build/_shared/chunk-BEX3SKLU.js]
[www.dana.id/webAssets/build/_shared/chunk-JSAGNDCY.js]
[www.dana.id/webAssets/build/root-DLLWPV6L.js]
[www.dana.id/webAssets/build/routes/__default-A5PCOTCD.js]
[www.dana.id/webAssets/build/_shared/chunk-IURHR7BE.js]
[www.dana.id/webAssets/build/_shared/chunk-XBQOZIIO.js]
[www.dana.id/webAssets/build/_shared/chunk-UZNHHE3Y.js]
[www.dana.id/webAssets/build/_shared/chunk-4XPWNO3O.js]
[www.dana.id/webAssets/build/_shared/chunk-FPGVGJNV.js]
[www.dana.id/webAssets/build/_shared/chunk-QGLOD6DA.js]
[www.dana.id/webAssets/build/_shared/chunk-RLACIY4A.js]
[www.dana.id/webAssets/build/_shared/chunk-EMUJ2FAJ.js]
[www.dana.id/webAssets/build/_shared/chunk-43YYAQSB.js]
[www.dana.id/webAssets/build/routes/__default/index-ON4VVKD4.js]
[www.dana.id/5vYb_T/IZ/D8/09WE/s78dZ_F1hj/tmib/EHwKQg/CT4uKhVT/fG5Y.css]
[www.dana.id/index.html]
[www.dana.id/5vYb_T/IZ/D8/09WE/s78dZ_F1hj/tmib/EHwKQg/fDx4WlI1/diQq]
[cdnjs.cloudflare.com/ajax/libs/modern-normalize/1.1.0/modern-normalize.min.css]
[www.dana.id/webAssets/build/_assets/base-AVQTSEJQ.css]
[www.dana.id/webAssets/build/_assets/404-QHTB6AWT.css]
[www.dana.id/webAssets/build/_assets/index-WRN5IYNT.css]
[www.dana.id/webAssets/build/_assets/index-FMQYNFVM.css]
[www.dana.id/webAssets/build/_assets/index-ZP5DTUFZ.css]
[www.dana.id/webAssets/build/_assets/index-6AANLL76.css]
[www.dana.id/webAssets/build/_assets/index-EQSCUEDV.css]
[www.dana.id/webAssets/build/_assets/index-55PBWUN6.css]
[www.dana.id/5vYb_T/IZ/D8/09WE/s78dZ_F1hj/tmibrShDQkNDuV/WBIbQg/SnxpDA81/FB8]
[www.dana.id/webAssets/build/_assets/ajax-loader-BOAPMZMT.gif]
[www.dana.id/webAssets/build/_assets/slick-MU5EZO5G.woff]
[www.dana.id/webAssets/build/_assets/slick-NKQ64RRA.ttf]
[www.dana.id/webAssets/build/_assets/slick-7CK47X3J.svg]
[www.dana.id/webAssets/build/_assets/index-FIWDRNKZ.css]
[www.dana.id/webAssets/build/_assets/index-RWMMCOHW.css]
[www.dana.id/webAssets/build/_assets/index-INWWZUPS.css]
[www.dana.id/webAssets/build/_assets/index-GXD4IX4G.css]
[www.dana.id/ak.html]
[www.dana.id/ak-2.html]
[www.dana.id/webAssets/build/_assets/index-MLJ4BOIL.css]
[www.dana.id/webAssets/build/_assets/index-O3VCTAMP.css]
[www.dana.id/webAssets/build/_assets/index-YXWK25SG.css]
[www.dana.id/webAssets/build/_assets/index-6IEKM37I.css]
[www.dana.id/webAssets/build/_assets/index-BXLTH3SL.css]
[www.dana.id/personal/ak.m]
[www.dana.id/personal/ak.t]
[www.dana.id/personal/digital-wallet6dc5.html]
[a.m.dana.id/resource/danaweb-v2/digital-wallets/wallet/hero.png]
[a.m.dana.id/resource/danaweb-v2/digital-wallets/wallet/device.png]
[a.m.dana.id/resource/danaweb-v2/digital-wallets/wallet/access-wallet.png]
[a.m.dana.id/resource/danaweb-v2/digital-wallets/wallet/save-cards.png]
[a.m.dana.id/resource/danaweb-v2/digital-wallets/wallet/protected-wallet.png]
[a.m.dana.id/resource/danaweb-v2/digital-wallets/wallet/dana-protection.png]
[a.m.dana.id/resource/danaweb-v2/digital-wallets/qris/qris-hero.png]
[a.m.dana.id/resource/danaweb-v2/digital-wallets/qris/qris-device.png]
[a.m.dana.id/resource/danaweb-v2/digital-wallets/qris/qris-cards.png]
[a.m.dana.id/resource/danaweb-v2/digital-wallets/qris/qris-overseas.png]
[a.m.dana.id/resource/danaweb-v2/digital-wallets/send-money/send-money-hero.png]
[a.m.dana.id/resource/danaweb-v2/digital-wallets/send-money/send-money-device.png]
[a.m.dana.id/resource/danaweb-v2/digital-wallets/send-money/send-money-anywhere.png]
[a.m.dana.id/resource/danaweb-v2/digital-wallets/send-money/send-money-favorite.png]
[a.m.dana.id/resource/danaweb-v2/digital-wallets/send-money/send-money-group.png]
[a.m.dana.id/resource/danaweb-v2/digital-wallets/send-money/send-money-bi.png]
[a.m.dana.id/resource/danaweb-v2/digital-wallets/request-money/request-money-hero.png]
[a.m.dana.id/resource/danaweb-v2/digital-wallets/request-money/request-money-device.png]
[a.m.dana.id/resource/danaweb-v2/digital-wallets/request-money/request-money-anywhere.png]
[a.m.dana.id/resource/danaweb-v2/digital-wallets/request-money/split-bill.png]
[a.m.dana.id/resource/danaweb-v2/digital-wallets/dana-kaget/dana-kaget-hero.png]
[a.m.dana.id/resource/danaweb-v2/digital-wallets/dana-kaget/dana-kaget-device.png]
[a.m.dana.id/resource/danaweb-v2/digital-wallets/dana-kaget/dana-kaget-anyone.png]
[a.m.dana.id/resource/danaweb-v2/digital-wallets/dana-kaget/dana-kaget-even.png]
[www.dana.id/webAssets/build/_shared/chunk-ZDGH4APG.js]
[www.dana.id/webAssets/build/_shared/chunk-KOBNSKZC.js]
[www.dana.id/webAssets/build/_shared/chunk-QZD6L2NG.js]
[www.dana.id/webAssets/build/_shared/chunk-TWRYM6K7.js]
[www.dana.id/webAssets/build/_shared/chunk-IV7CUIUV.js]
[www.dana.id/personal/digital-wallet.html]
[www.dana.id/webAssets/build/routes/__default/personal/digital-wallet-262FJB6R.js]
[www.dana.id/webAssets/build/_assets/index-T64DVGXU.css]
[www.dana.id/webAssets/build/_assets/index-FUSFUIKZ.css]
[www.dana.id/webAssets/build/_assets/index-RDIJRU7W.css]
[www.dana.id/webAssets/build/_assets/index-3C7HUWRF.css]
[www.dana.id/personal/finance6dc5.html]
[a.m.dana.id/resource/danaweb-v2/finance-hero-image.png]
[a.m.dana.id/resource/danaweb-v2/finance-hero-device.png]
[a.m.dana.id/resource/danaweb-v2/cicil-unipin.png]
[a.m.dana.id/resource/danaweb-v2/cicil-codashop.png]
[a.m.dana.id/resource/danaweb-v2/cicil-familymart.png]
[a.m.dana.id/resource/danaweb-v2/cicil-blibli.png]
[a.m.dana.id/resource/danaweb-v2/cicil-kopken.png]
[a.m.dana.id/resource/danaweb-v2/cicil-auntieanne.png]
[a.m.dana.id/resource/danaweb-v2/cicil-jumpstart.png]
[a.m.dana.id/resource/danaweb-v2/finance-section-image-2.png]
[a.m.dana.id/resource/danaweb-v2/finance-hero-2-image.png]
[a.m.dana.id/resource/danaweb-v2/finance-hero-2-device.png]
[a.m.dana.id/resource/danaweb-v2/finance-section-2-image.png]
[a.m.dana.id/resource/danaweb-v2/finance-section-2-image-2.png]
[a.m.dana.id/resource/danaweb-v2/finance-hero-4-image.png]
[a.m.dana.id/resource/danaweb-v2/finance-hero-4-device.png]
[a.m.dana.id/resource/danaweb-v2/finance-section-4-image-1.png]
[a.m.dana.id/resource/danaweb-v2/finance-section-4-image-2.png]
[www.dana.id/webAssets/build/_shared/chunk-GBHMFBGB.js]
[www.dana.id/webAssets/build/_shared/chunk-F4X3PPBX.js]
[www.dana.id/webAssets/build/routes/__default/personal/finance-CVUWR7KC.js]
[www.dana.id/personal/finance.html]
[www.dana.id/webAssets/build/_assets/index-NQL7WKW2.css]
[www.dana.id/personal/lifestylee08d.html]
[a.m.dana.id/resource/danaweb-v2/lifestyle-hero-image.png]
[a.m.dana.id/resource/danaweb-v2/lifestyle-hero-device.png]
[a.m.dana.id/resource/danaweb-v2/lifestyle-section-image.png]
[a.m.dana.id/resource/danaweb-v2/lifestyle-section-image-2.png]
[a.m.dana.id/resource/danaweb-v2/lifestyle-hero-2-image.png]
[a.m.dana.id/resource/danaweb-v2/lifestyle-hero-2-device.png]
[a.m.dana.id/resource/danaweb-v2/lifestyle-section-2-image.png]
[a.m.dana.id/resource/danaweb-v2/lifestyle-hero-3-image.png]
[a.m.dana.id/resource/danaweb-v2/lifestyle-hero-3-device.png]
[a.m.dana.id/resource/danaweb-v2/lifestyle-section-3-image.png]
[a.m.dana.id/resource/danaweb-v2/lifestyle-section-3-image-2.png]
[a.m.dana.id/resource/danaweb-v2/lifestyle-hero-4-image.png]
[a.m.dana.id/resource/danaweb-v2/lifestyle-hero-4-device.png]
[www.dana.id/webAssets/build/routes/__default/personal/lifestyle-QCR5FFQQ.js]
[www.dana.id/personal/lifestyle.html]
[www.dana.id/webAssets/build/_assets/index-IXBSU6L4.css]
[www.dana.id/webAssets/build/_assets/index-YBVGFOSA.css]
[www.dana.id/webAssets/build/_assets/index-RASOPSNO.css]
[www.dana.id/webAssets/build/_assets/index-J4STWHXJ.css]
[www.dana.id/webAssets/build/_assets/index-ZIJPYFXQ.css]
[www.dana.id/webAssets/build/_assets/index-EJSQ4RVZ.css]
[www.dana.id/webAssets/build/_assets/index-HOCIWA7Q.css]
[www.dana.id/business6dc5.html]
[a.m.dana.id/resource/danaweb-v2/business-hero.png]
[a.m.dana.id/resource/danaweb-v2/business-payment-section-online-payment.png]
[a.m.dana.id/resource/danaweb-v2/business-payment-section-api-payment.png]
[a.m.dana.id/resource/danaweb-v2/business-payment-section-pos.png]
[a.m.dana.id/resource/danaweb-v2/business-disbursement-section-disbursement-mobile.png]
[a.m.dana.id/resource/danaweb-v2/business-disbursement-section-enterprise-wallet.png]
[a.m.dana.id/resource/danaweb-v2/business-promotion-section-deals-mobile.png]
[a.m.dana.id/resource/danaweb-v2/business/mp-peeked.png]
[www.dana.id/webAssets/build/_shared/chunk-FIFKXKOW.js]
[www.dana.id/webAssets/build/_shared/chunk-SRS5I3R3.js]
[www.dana.id/webAssets/build/_shared/chunk-E6QZRD6P.js]
[www.dana.id/webAssets/build/routes/__default/business/index-N4KVR3SH.js]
[www.dana.id/business.html]
[www.dana.id/webAssets/build/_assets/index-5XTUG2SG.css]
[www.dana.id/webAssets/build/_assets/index-Z6LNCFWT.css]
[www.dana.id/webAssets/build/_assets/index-EQAS5W47.css]
[www.dana.id/webAssets/build/_assets/index-OJA6DIWD.css]
[www.dana.id/webAssets/build/_assets/index-XWFPQ33K.css]
[www.dana.id/webAssets/build/_assets/index-XHZUFP4F.css]
[www.dana.id/webAssets/build/_assets/index-WMRVPW4B.css]
[www.dana.id/webAssets/build/_assets/index-OYBMGJ3C.css]
[www.dana.id/business/ak.m]
[www.dana.id/business/ak.t]
[a.m.dana.id/resource/danaweb-v2/gapura/gapura-logo-white.png]
[www.dana.id/business/payment-gatewaye08d.html]
[a.m.dana.id/resource/danaweb-v2/gapura/gapura-logo-blue.png]
[a.m.dana.id/resource/danaweb-v2/gapura/landing/mindmap.png]
[a.m.dana.id/resource/danaweb-v2/gapura/landing/payment-method-va-desktop.png]
[a.m.dana.id/resource/danaweb-v2/gapura/landing/payment-method-card-desktop.png]
[a.m.dana.id/resource/danaweb-v2/gapura/landing/payment-method-wallet-desktop.png]
[a.m.dana.id/resource/danaweb-v2/gapura/landing/payment-method-qris-desktop.png]
[a.m.dana.id/resource/danaweb-v2/gapura/landing/solution-drop-in.png]
[a.m.dana.id/danaweb/cms/Lazada_98615bc206.png]
[a.m.dana.id/danaweb/cms/Sushiroll_491481148f.png]
[a.m.dana.id/danaweb/cms/TIX_64fc05fc9b.png]
[a.m.dana.id/danaweb/cms/Bluebird_f9b532732e.png]
[a.m.dana.id/danaweb/cms/Family_Mart_f6e65c32a3.png]
[a.m.dana.id/danaweb/cms/Balifiber_23e4dd8e3f.png]
[a.m.dana.id/danaweb/cms/Kopi_Kenangan_7a6aa9970b.png]
[a.m.dana.id/danaweb/cms/VC_Gamers_b1d42e606a.png]
[a.m.dana.id/danaweb/cms/Rumah_Yatim_e3fce8b3c5.png]
[a.m.dana.id/danaweb/cms/Razer_Gold_22624b2c4c.png]
[a.m.dana.id/resource/danaweb-v2/gapura/protection-gembok.png]
[a.m.dana.id/resource/danaweb-v2/gapura/protection-pci-dss.png]
[www.dana.id/webAssets/build/routes/__gapura-52SXAYQ6.js]
[www.dana.id/webAssets/build/routes/__gapura/business/payment-gateway/index-2PSI5MX6.js]
[www.dana.id/business/payment-gateway.html]
[www.dana.id/webAssets/build/_assets/index-FOBFMH3I.css]
[www.dana.id/webAssets/build/_assets/index-KXC2KBZX.css]
[www.dana.id/business/payment-gateway/ak.m]
[www.dana.id/business/payment-gateway/ak.t]
[www.dana.id/business/payment-gateway/calculatore08d.html]
[a.m.dana.id/resource/danaweb-v2/gapura/calculator/bni.png]
[a.m.dana.id/resource/danaweb-v2/gapura/calculator/bri.png]
[a.m.dana.id/resource/danaweb-v2/gapura/calculator/cimb-niaga.png]
[a.m.dana.id/resource/danaweb-v2/gapura/calculator/panin-bank.png]
[a.m.dana.id/resource/danaweb-v2/gapura/calculator/bank-mandiri.png]
[a.m.dana.id/resource/danaweb-v2/gapura/calculator/bca.png]
[a.m.dana.id/resource/danaweb-v2/gapura/calculator/visa.png]
[a.m.dana.id/resource/danaweb-v2/gapura/calculator/mastercard.png]
[a.m.dana.id/resource/danaweb-v2/gapura/calculator/american-express.png]
[a.m.dana.id/resource/danaweb-v2/gapura/calculator/jcb.png]
[a.m.dana.id/resource/danaweb-v2/gapura/calculator/dana.png]
[a.m.dana.id/resource/danaweb-v2/gapura/calculator/ovo.png]
[a.m.dana.id/resource/danaweb-v2/gapura/calculator/gopay.png]
[a.m.dana.id/resource/danaweb-v2/gapura/calculator/shopeepay.png]
[a.m.dana.id/resource/danaweb-v2/gapura/calculator/link-aja.png]
[www.dana.id/webAssets/build/routes/__gapura/business/payment-gateway/calculator/index-46HRQGLS.js]
[www.dana.id/business/payment-gateway/calculator.html]
[www.dana.id/webAssets/build/_assets/index-D4NQJQBF.css]
[www.dana.id/webAssets/build/_assets/index-YFO4ADZD.css]
[www.dana.id/webAssets/build/_assets/index-EPPPDCFX.css]
[www.dana.id/webAssets/build/_assets/index-OZDOMWVI.css]
[www.dana.id/webAssets/build/_assets/index-F4DIN3XE.css]
[www.dana.id/business/integrated-paymente08d.html]
[a.m.dana.id/resource/danaweb-v2/integrated-payment-hero-image.png]
[a.m.dana.id/resource/danaweb-v2/integrated-payment-hero-device.png]
[a.m.dana.id/resource/danaweb-v2/integrated-payment-section-image.png]
[a.m.dana.id/resource/danaweb-v2/integrated-payment-section-image-2.png]
[a.m.dana.id/resource/danaweb-v2/integrated-payment-section-image-3.png]
[a.m.dana.id/resource/danaweb-v2/payment-gateway-section-2-image.png]
[a.m.dana.id/resource/danaweb-v2/payment-gateway-section-2-image-2.png]
[a.m.dana.id/resource/danaweb-v2/payment-gateway-section-2-image-3.png]
[a.m.dana.id/resource/danaweb-v2/integrated-payment-section-2-image.png]
[a.m.dana.id/resource/danaweb-v2/integrated-payment-section-2-image-2.png]
[a.m.dana.id/resource/danaweb-v2/integrated-payment-section-2-image-3.png]
[www.dana.id/webAssets/build/_shared/chunk-MZMOCPZG.js]
[www.dana.id/webAssets/build/routes/__default/business/integrated-payment/index-SEKIG43L.js]
[www.dana.id/business/integrated-payment.html]
[www.dana.id/webAssets/build/_assets/index-7ME2BKLY.css]
[www.dana.id/business/pos-devicee08d.html]
[a.m.dana.id/resource/danaweb-v2/pos-device-hero-image.png]
[a.m.dana.id/resource/danaweb-v2/pos-device-hero-device.png]
[a.m.dana.id/resource/danaweb-v2/pos-device-section-image.png]
[a.m.dana.id/resource/danaweb-v2/pos-device-section-image-2.png]
[a.m.dana.id/resource/danaweb-v2/pos-device-section-image-3.png]
[a.m.dana.id/resource/danaweb-v2/pos-device-section-2-image.png]
[a.m.dana.id/resource/danaweb-v2/pos-device-section-2-image-2.png]
[a.m.dana.id/resource/danaweb-v2/pos-device-section-2-image-3.png]
[a.m.dana.id/resource/danaweb-v2/pos-device-section-3-image.png]
[a.m.dana.id/resource/danaweb-v2/pos-device-section-3-image-2.png]
[a.m.dana.id/resource/danaweb-v2/pos-device-section-3-image-3.png]
[www.dana.id/webAssets/build/routes/__default/business/pos-device/index-3TFWMVJS.js]
[www.dana.id/business/pos-device.html]
[www.dana.id/webAssets/build/_assets/index-IQ22TGW7.css]
[www.dana.id/webAssets/build/_assets/index-GMFKD37E.css]
[www.dana.id/business/microbusinesse08d.html]
[a.m.dana.id/resource/danaweb-v2/business/hero-banner-kyb.png]
[a.m.dana.id/resource/danaweb-v2/business/kyb-hero-device.png]
[a.m.dana.id/resource/danaweb-v2/business/kyb-showcase-1-hl.png]
[a.m.dana.id/resource/danaweb-v2/business/kyb-showcase-1-grid-1.png]
[a.m.dana.id/resource/danaweb-v2/business/kyb-showcase-1-grid-2.png]
[a.m.dana.id/resource/danaweb-v2/business/kyb-showcase-2-hl.png]
[a.m.dana.id/resource/danaweb-v2/business/kyb-showcase-2-grid-1.png]
[a.m.dana.id/resource/danaweb-v2/business/deals-showcase-grid-2.png]
[www.dana.id/_nuxt/img/download-google-play.0796581.png]
[www.dana.id/_nuxt/img/download-app-store.abbe87e.png]
[a.m.dana.id/resource/danaweb-v2/business/kyb-showcase-step-1.png]
[a.m.dana.id/resource/danaweb-v2/business/kyb-showcase-step-3.png]
[a.m.dana.id/resource/danaweb-v2/business/kyb-showcase-step-2.png]
[www.dana.id/webAssets/build/_shared/chunk-GSHKPAM2.js]
[www.dana.id/webAssets/build/_shared/chunk-YQDDDN6S.js]
[www.dana.id/business/microbusiness.html]
[www.dana.id/webAssets/build/routes/__default/business/microbusiness-PQYP764M.js]
[www.dana.id/webAssets/build/_assets/index-TXEAIWAF.css]
[www.dana.id/webAssets/build/_assets/index-S2WO7VWL.css]
[www.dana.id/business/disbursemente08d.html]
[a.m.dana.id/resource/danaweb-v2/disbursement-hero-background.png]
[a.m.dana.id/resource/danaweb-v2/disbursement-hero-device.png]
[a.m.dana.id/resource/danaweb-v2/disbursement-info-1.png]
[a.m.dana.id/resource/danaweb-v2/disbursement-info-2.png]
[a.m.dana.id/resource/danaweb-v2/disbursement-info-3.png]
[a.m.dana.id/resource/danaweb-v2/disbursement-info-4.png]
[www.dana.id/webAssets/build/routes/__default/business/disbursement-QBDYRFJK.js]
[www.dana.id/business/disbursement.html]
[www.dana.id/business/dealse08d.html]
[a.m.dana.id/resource/danaweb-v2/business/hero-banner-deals.png]
[a.m.dana.id/resource/danaweb-v2/business/deals-hero-device.png]
[a.m.dana.id/resource/danaweb-v2/business/deals-showcase-grid-1.png]
[a.m.dana.id/resource/danaweb-v2/business/deals-showcase-step-3.png]
[a.m.dana.id/resource/danaweb-v2/business/deals-showcase-step-1.png]
[a.m.dana.id/resource/danaweb-v2/business/deals-showcase-step-2.png]
[www.dana.id/business/deals.html]
[www.dana.id/webAssets/build/routes/__default/business/deals-BW5GVTXK.js]
[www.dana.id/business/loyaltye08d.html]
[a.m.dana.id/resource/danaweb-v2/business/loyalty-hero-banner.png]
[a.m.dana.id/resource/danaweb-v2/business/loyalty-hero-device.png]
[a.m.dana.id/resource/danaweb-v2/business/loyalty-showcase-1.png]
[a.m.dana.id/resource/danaweb-v2/business/loyalty-showcase-2.png]
[a.m.dana.id/resource/danaweb-v2/business/loyalty-showcase-tab-1.png]
[a.m.dana.id/resource/danaweb-v2/business/loyalty-showcase-tab-3.png]
[a.m.dana.id/resource/danaweb-v2/business/loyalty-showcase-tab-2.png]
[www.dana.id/webAssets/build/routes/__default/business/loyalty-GH7N6H7Y.js]
[www.dana.id/business/loyalty.html]
[www.dana.id/webAssets/build/_assets/index-CYKQEIES.css]
[www.dana.id/webAssets/build/_assets/index-5WPCVBYA.css]
[www.dana.id/webAssets/build/_assets/index-Z7QMDWVV.css]
[www.dana.id/business/pricing-infoe08d.html]
[a.m.dana.id/resource/danaweb-v2/business/hero-banner-pricinginfo.png]
[www.dana.id/webAssets/build/_shared/chunk-Y4JIEF2X.js]
[www.dana.id/webAssets/build/routes/__default/business/pricing-info-R3TBMDL2.js]
[www.dana.id/business/pricing-info.html]
[www.dana.id/webAssets/build/_assets/index-WRGDFBTC.css]
[www.dana.id/business/merchant-resourcese08d.html]
[a.m.dana.id/resource/danaweb-v2/business/hero-banner-mer-resources.png]
[www.dana.id/webAssets/build/routes/__default/business/merchant-resources-KRJ7UQZ6.js]
[www.dana.id/business/merchant-resources.html]
[www.dana.id/webAssets/build/_assets/index-AH4WAHMR.css]
[www.dana.id/webAssets/build/_assets/index-SKC44YSH.css]
[www.dana.id/business/contact-us6dc5.html]
[a.m.dana.id/resource/danaweb-v2/contact-us-hero.png]
[a.m.dana.id/resource/danaweb-v2/contact-us-image-1.png]
[a.m.dana.id/resource/danaweb-v2/contact-us-image-2.png]
[www.dana.id/business/contact-us.html]
[www.dana.id/webAssets/build/routes/__default/business/contact-us-LZLLE6N7.js]
[www.dana.id/webAssets/build/_assets/index-76YPZ4TD.css]
[www.dana.id/webAssets/build/_assets/index-I5ST44U3.css]
[www.dana.id/webAssets/build/_assets/index-LLYYB2HV.css]
[www.dana.id/webAssets/build/_assets/index-WSV5P3AL.css]
[www.dana.id/webAssets/build/_assets/index-U3BTLNNA.css]
[www.dana.id/webAssets/build/_assets/index-NNG4XZI6.css]
[www.dana.id/webAssets/build/_assets/index-VQ24ICSL.css]
[www.dana.id/webAssets/build/_assets/index-MOB7T3XD.css]
[www.dana.id/webAssets/build/_assets/index-3DDTTF3W.css]
[www.dana.id/corporate/ak.m]
[www.dana.id/corporate/ak.t]
[a.m.dana.id/resource/danaweb-v2/about.hero.1.png]
[a.m.dana.id/resource/danaweb-v2/about.vision.1.png]
[a.m.dana.id/resource/danaweb-v2/corporate-banner-15.png]
[a.m.dana.id/resource/danaweb-v2/corporate-banner-14.png]
[a.m.dana.id/resource/danaweb-v2/corporate-banner-16.png]
[a.m.dana.id/resource/danaweb-v2/about.social.4.png]
[www.dana.id/corporate/indexe08d.html]
[a.m.dana.id/resource/danaweb-v2/about.social.3.png]
[a.m.dana.id/resource/danaweb-v2/about.social.2.png]
[a.m.dana.id/resource/danaweb-v2/about.social.1.png]
[www.dana.id/webAssets/build/_shared/chunk-S526VXA2.js]
[www.dana.id/webAssets/build/routes/__default/corporate/index-7IIMT6FH.js]
[www.dana.id/corporate/index.html]
[www.dana.id/webAssets/build/_assets/index-TJFYLOGT.css]
[www.dana.id/webAssets/build/_assets/index-BEZNMQVH.css]
[www.dana.id/webAssets/build/_assets/index-FAACJRPH.css]
[www.dana.id/webAssets/build/_assets/index-6IKRTL5Y.css]
[www.dana.id/webAssets/build/_assets/index-DITG6RH4.css]
[www.dana.id/webAssets/build/_assets/index-RECJIG2V.css]
[www.dana.id/webAssets/build/_assets/index-XQ6CZ4QU.css]
[www.dana.id/corporate/career-newe08d.html]
[a.m.dana.id/resource/danaweb-v2/corporate-banner-12.png]
[a.m.dana.id/resource/danaweb-v2/corporate-banner-4.png]
[a.m.dana.id/resource/danaweb-v2/corporate-banner-2.png]
[a.m.dana.id/resource/danaweb-v2/7values-teamwork.png]
[a.m.dana.id/resource/danaweb-v2/7values-embrace-change.png]
[a.m.dana.id/resource/danaweb-v2/7values-result-driven.png]
[a.m.dana.id/resource/danaweb-v2/7values-resilience.png]
[a.m.dana.id/resource/danaweb-v2/7values-integrity.png]
[a.m.dana.id/resource/danaweb-v2/7values-customer-first.png]
[a.m.dana.id/resource/danaweb-v2/7values-humble.png]
[www.dana.id/webAssets/build/_shared/chunk-GNI5OSXU.js]
[www.dana.id/webAssets/build/_shared/chunk-5SP3ZGKI.js]
[www.dana.id/webAssets/build/_shared/chunk-EJWSBDHP.js]
[www.dana.id/webAssets/build/_shared/chunk-UR5QEHUH.js]
[www.dana.id/webAssets/build/_shared/chunk-ZGVNS2DD.js]
[www.dana.id/webAssets/build/_shared/chunk-MFFUJIQL.js]
[www.dana.id/webAssets/build/_shared/chunk-CCNJ7T4B.js]
[www.dana.id/webAssets/build/_shared/chunk-V3EYTUQO.js]
[www.dana.id/webAssets/build/routes/__default/corporate/career-new-NEELSQIX.js]
[www.dana.id/corporate/career-new.html]
[www.dana.id/webAssets/build/_assets/index-6KWRBZED.css]
[www.dana.id/webAssets/build/_assets/index-YVCDQUJP.css]
[www.dana.id/webAssets/build/_assets/index-BHQB2KH5.css]
[www.dana.id/corporate/newsroome08d.html]
[a.m.dana.id/resource/danaweb-v2/corporate-banner-9.png]
[www.dana.id/webAssets/build/_shared/chunk-OWGHVX7Q.js]
[www.dana.id/webAssets/build/_shared/chunk-WK7BFJ2X.js]
[www.dana.id/webAssets/build/_shared/chunk-DPW5IC3B.js]
[www.dana.id/webAssets/build/_shared/chunk-RI6LCAMK.js]
[www.dana.id/webAssets/build/_shared/chunk-JKKJAUID.js]
[www.dana.id/webAssets/build/_shared/chunk-ENMYNCFA.js]
[www.dana.id/webAssets/build/routes/__default/corporate/newsroom/index-CSFXH5VF.js]
[www.dana.id/corporate/newsroom.html]
[www.dana.id/404.html]
[www.dana.id/index6dc5.html]
[a.m.dana.id/danaweb/web/dana-meta-logo.png]
[www.dana.id/favicon.ico]
[www.dana.id/indexe08d.html]
[www.dana.id/_nuxt/91c57f9.js]
[www.dana.id/_nuxt/eca8bdc.js]
[www.dana.id/_nuxt/9910931.js]
[www.dana.id/_nuxt/2c1568f.js]
[www.dana.id/_nuxt/d02ba19.js]
[www.dana.id/_nuxt/a78a040.js]
[www.dana.id/_nuxt/5f07e66.js]
[www.dana.id/_nuxt/385ff37.js]
[www.dana.id/_nuxt/398a89d.js]
[www.dana.id/promo/gajian-hemat-di-dunia-games-cashback-sd-rp10100]
[a.m.dana.id/danaweb/promo/1735276890-231224-EIS524-DUNIA_GAMES_PAYDAY-WebsiteBanner-Thumbnail.png]
[www.dana.id/promo/gajian-hemat-di-dunia-games-cashback-sd-rp10100]
[www.dana.id/promo/gajian-hemat-di-dunia-games-cashback-sd-rp10100.1a6.delayed]
[www.dana.id/promo/pertama-kali-tagihan-pdam-kota-surabaya-di-dana-diskon-rp5ribu.html]
[a.m.dana.id/danaweb/promo/1735196339-091224-EIS508-EDU_WATER_LOCALIZED-SURABAYA_PROMO-Web_Banner-Thumbnails.png]
[www.dana.id/promo/promo-solaria-setiap-jumat-cashback-5-maksimum-rp10000-dengan-scan-dana-qris.html]
[a.m.dana.id/danaweb/promo/1734495261-131224-EIS513-QR_KV_TURUNAN_JUMBO-SOLARIA-THUMBNAILS.png]
[www.dana.id/promo/promo-yoshinoya-setiap-jumat-cashback-5-maksimum-rp10000-dengan-scan-dana-qris.html]
[a.m.dana.id/danaweb/promo/1734494625-131224-EIS513-QR_KV_TURUNAN_JUMBO-YOSHINOYA-WEB_BANNER_THUMBNAILS.png]
[www.dana.id/promo/promo-kfc-setiap-jumat-cashback-10-maksimum-rp10000-dengan-scan-dana-qris.html]
[a.m.dana.id/danaweb/promo/1734494102-131224-EIS513-QR_KV_TURUNAN_JUMBO-KFC-Web_Banner-Thumbnails.png]
[www.dana.id/promo/promo-dairy-queen-setiap-jumat-cashback-10-maksimum-rp10000-dengan-scan-dana-qris.html]
[a.m.dana.id/danaweb/promo/1734493366-131224-EIS513-QR_KV_TURUNAN_JUMBO-DAIRY_QUEEN-Web_Banner-Thumbnails.png]
[www.dana.id/promo/promo-auntie-annes-setiap-jumat-cashback-10-maksimum-rp10000-pakai-dana-qris.html]
[a.m.dana.id/danaweb/promo/1734421006-131224-EIS513-QR_KV_TURUNAN_JUMBO-AUNTIE_ANNE_S-Web_Banner-Thumbnails.png]
[www.dana.id/promo/promo-hokben-setiap-jumat-cashback-10-maksimum-rp10000-pakai-dana-qris.html]
[a.m.dana.id/danaweb/promo/1734420502-131224-EIS513-QR_KV_TURUNAN_JUMBO-HOKBEN-WEB_BANNER-THUMBNAILS.png]
[www.dana.id/promo/promo-circle-k-setiap-jumat-cashback-20-maksimum-rp10000-pakai-dana-qris.html]
[a.m.dana.id/danaweb/promo/1734420012-131224-EIS513-QR_KV_TURUNAN_JUMBO-CIRCLE_K-WEB_BANNER-THUMBNAILS.png]
[www.dana.id/promo.html]
[www.dana.id/webAssets/build/_assets/index-WWW6OQYV.css]
[www.dana.id/webAssets/build/_assets/index-FKAOXK7Q.css]
[www.dana.id/webAssets/build/_assets/index-W257CVHJ.css]
[www.dana.id/webAssets/build/_assets/index-E3FUFWCY.css]
[www.dana.id/webAssets/build/_assets/style-3VBQVSIA.css]
[www.dana.id/webAssets/build/_assets/style-GELMICCO.css]
[www.dana.id/webAssets/build/_assets/style-4BLR5KTT.css]
[www.dana.id/webAssets/build/_assets/index-SA7L7QU5.css]
[www.dana.id/webAssets/build/_assets/index-ACK7NABH.css]
[www.dana.id/webAssets/build/_assets/index-LEJTY6KD.css]
[www.dana.id/webAssets/build/_assets/index-XOSM5RYX.css]
[www.dana.id/webAssets/build/_assets/index-SNJ3Z45D.css]
[www.dana.id/webAssets/build/_assets/index-DCUFF63P.css]
[www.dana.id/webAssets/build/_assets/index-GAZPMAK6.css]
[www.dana.id/webAssets/build/_assets/index-7RHUIPLW.css]
[www.dana.id/webAssets/build/_assets/index-BHCMAR6Y.css]
[www.dana.id/help-centere08d.html]
[www.dana.id/webAssets/build/_shared/chunk-NLDOGS6U.js]
[www.dana.id/webAssets/build/routes/__help-center-CBYS2X3C.js]
[www.dana.id/webAssets/build/_shared/chunk-B3NO64BY.js]
[www.dana.id/webAssets/build/_shared/chunk-JUG4YLXA.js]
[www.dana.id/webAssets/build/_shared/chunk-UW3R62P5.js]
[www.dana.id/webAssets/build/_shared/chunk-T3BE63AK.js]
[www.dana.id/webAssets/build/_shared/chunk-XPYMWWY6.js]
[www.dana.id/webAssets/build/_shared/chunk-YRCGR5JG.js]
[www.dana.id/webAssets/build/_shared/chunk-BVWLO6DX.js]
[www.dana.id/webAssets/build/routes/__help-center/help-center/index-ZKN3H6IU.js]
[www.dana.id/help-center.html]
[www.dana.id/help-center/ak.html]
[www.dana.id/help-center/ak-2.html]
[www.dana.id/help-center/contact6dc5.html]
[dana-assets-id.oss-ap-southeast-5.aliyuncs.com/assets/img/website/diana-tutorial.png]
[www.dana.id/webAssets/build/routes/__help-center/help-center/contact-HXJASBIN.js]
[www.dana.id/help-center/contact.html]
[www.dana.id/webAssets/build/_assets/index-ITGHHLFN.css]
[www.dana.id/webAssets/build/_assets/pagination-OBZBH6M5.css]
[www.dana.id/webAssets/build/_assets/index-Z5IQVFHD.css]
[www.dana.id/termse08d.html]
[www.dana.id/webAssets/build/_shared/chunk-3KV5HRKI.js]
[www.dana.id/webAssets/build/_shared/chunk-LO4KWRLR.js]
[www.dana.id/webAssets/build/_shared/chunk-PO4NTGS2.js]
[www.dana.id/terms.html]
[www.dana.id/webAssets/build/routes/__help-center/terms-A4UXW77S.js]
[www.dana.id/policy6dc5.html]
[www.dana.id/www.dana.1e9.delayed]
[www.dana.id/webAssets/build/routes/__help-center/policy-WB75LZJN.js]
[www.dana.id/policy.html]
[www.dana.id/5vYb_T/IZ/D8/09WE/s78dZ_F1hj/tmib/EHwKQg/CT4uKhVT/fG5Y.css]
[www.dana.id/webAssets/build/_assets/slick-EVLS6IWX.html]
[www.dana.id/webAssets/build/_assets/slick-EVLS6IWXd41d.html]
[www.dana.id/webAssets/build/_assets/slick-MU5EZO5G.html]
[www.dana.id/webAssets/build/_assets/slick-NKQ64RRA.html]
[www.dana.id/webAssets/build/_assets/slick-7CK47X3J.svg]
[www.dana.id/webAssets/build/_assets/index-MLJ4BOIL.css]
[www.dana.id/webAssets/build/_assets/index-O3VCTAMP.css]
[www.dana.id/webAssets/build/_assets/index-YXWK25SG.css]
[www.dana.id/webAssets/build/_assets/index-6IEKM37I.css]
[www.dana.id/webAssets/build/_assets/index-BXLTH3SL.css]
[www.dana.id/personal/ak.html]
[www.dana.id/personal/ak-2.html]
[www.dana.id/personal/digital-wallete08d.html]
[www.dana.id/personal/digital-wallet6dc5.html]
[www.dana.id/webAssets/build/_assets/index-T64DVGXU.css]
[www.dana.id/webAssets/build/_assets/index-FUSFUIKZ.css]
[www.dana.id/webAssets/build/_assets/index-RDIJRU7W.css]
[www.dana.id/webAssets/build/_assets/index-3C7HUWRF.css]
[www.dana.id/personal/financee08d.html]
[www.dana.id/personal/finance6dc5.html]
[www.dana.id/webAssets/build/_assets/index-NQL7WKW2.css]
[www.dana.id/personal/lifestyle6dc5.html]
[www.dana.id/personal/lifestylee08d.html]
[www.dana.id/webAssets/build/_assets/index-IXBSU6L4.css]
[www.dana.id/webAssets/build/_assets/index-YBVGFOSA.css]
[www.dana.id/webAssets/build/_assets/index-RASOPSNO.css]
[www.dana.id/webAssets/build/_assets/index-J4STWHXJ.css]
[www.dana.id/webAssets/build/_assets/index-ZIJPYFXQ.css]
[www.dana.id/webAssets/build/_assets/index-EJSQ4RVZ.css]
[www.dana.id/webAssets/build/_assets/index-HOCIWA7Q.css]
[www.dana.id/businesse08d.html]
[www.dana.id/business6dc5.html]
[www.dana.id/webAssets/build/_assets/index-5XTUG2SG.css]
[www.dana.id/webAssets/build/_assets/index-Z6LNCFWT.css]
[www.dana.id/webAssets/build/_assets/index-EQAS5W47.css]
[a.m.dana.id/resource/danaweb-v2/gapura/landing/hero-image.png]
[www.dana.id/webAssets/build/_assets/index-OJA6DIWD.css]
[www.dana.id/webAssets/build/_assets/index-XWFPQ33K.css]
[www.dana.id/webAssets/build/_assets/index-XHZUFP4F.css]
[www.dana.id/webAssets/build/_assets/index-WMRVPW4B.css]
[www.dana.id/webAssets/build/_assets/index-OYBMGJ3C.css]
[www.dana.id/business/ak.html]
[www.dana.id/business/ak-2.html]
[www.dana.id/business/payment-gateway6dc5.html]
[www.dana.id/business/payment-gatewaye08d.html]
[a.m.dana.id/resource/danaweb-v2/gapura/calculator/hero-image.png]
[www.dana.id/webAssets/build/_assets/index-FOBFMH3I.css]
[www.dana.id/webAssets/build/_assets/index-KXC2KBZX.css]
[www.dana.id/business/payment-gateway/ak.html]
[www.dana.id/business/payment-gateway/ak-2.html]
[www.dana.id/business/payment-gateway/calculator6dc5.html]
[www.dana.id/business/payment-gateway/calculatore08d.html]
[www.dana.id/webAssets/build/_assets/index-D4NQJQBF.css]
[www.dana.id/webAssets/build/_assets/index-YFO4ADZD.css]
[www.dana.id/webAssets/build/_assets/index-EPPPDCFX.css]
[www.dana.id/webAssets/build/_assets/index-OZDOMWVI.css]
[www.dana.id/webAssets/build/_assets/index-F4DIN3XE.css]
[www.dana.id/business/integrated-payment6dc5.html]
[www.dana.id/business/integrated-paymente08d.html]
[www.dana.id/webAssets/build/_assets/index-7ME2BKLY.css]
[www.dana.id/business/pos-device6dc5.html]
[www.dana.id/business/pos-devicee08d.html]
[www.dana.id/webAssets/build/_assets/index-IQ22TGW7.css]
[www.dana.id/webAssets/build/_assets/index-GMFKD37E.css]
[www.dana.id/business/microbusiness6dc5.html]
[www.dana.id/business/microbusinesse08d.html]
[www.dana.id/webAssets/build/_assets/index-TXEAIWAF.css]
[www.dana.id/webAssets/build/_assets/index-S2WO7VWL.css]
[www.dana.id/business/disbursement6dc5.html]
[www.dana.id/business/disbursemente08d.html]
[www.dana.id/business/deals6dc5.html]
[www.dana.id/business/dealse08d.html]
[www.dana.id/business/loyalty6dc5.html]
[www.dana.id/business/loyaltye08d.html]
[www.dana.id/webAssets/build/_assets/index-CYKQEIES.css]
[www.dana.id/webAssets/build/_assets/index-5WPCVBYA.css]
[www.dana.id/webAssets/build/_assets/index-Z7QMDWVV.css]
[www.dana.id/business/pricing-info6dc5.html]
[www.dana.id/business/pricing-infoe08d.html]
[www.dana.id/webAssets/build/_assets/index-WRGDFBTC.css]
[www.dana.id/business/merchant-resources6dc5.html]
[www.dana.id/business/merchant-resourcese08d.html]
[www.dana.id/webAssets/build/_assets/index-AH4WAHMR.css]
[www.dana.id/webAssets/build/_assets/index-SKC44YSH.css]
[www.dana.id/business/contact-use08d.html]
[www.dana.id/business/contact-us6dc5.html]
[a.m.dana.id/resource/danaweb-v2/hero-banner-home.png]
[www.dana.id/webAssets/build/_assets/index-76YPZ4TD.css]
[www.dana.id/webAssets/build/_assets/index-I5ST44U3.css]
[www.dana.id/webAssets/build/_assets/index-LLYYB2HV.css]
[www.dana.id/webAssets/build/_assets/index-WSV5P3AL.css]
[www.dana.id/webAssets/build/_assets/index-U3BTLNNA.css]
[www.dana.id/webAssets/build/_assets/index-NNG4XZI6.css]
[www.dana.id/webAssets/build/_assets/index-VQ24ICSL.css]
[www.dana.id/webAssets/build/_assets/index-MOB7T3XD.css]
[www.dana.id/webAssets/build/_assets/index-3DDTTF3W.css]
[www.dana.id/corporate/ak.html]
[www.dana.id/corporate/ak-2.html]
[www.dana.id/corporate/indexe08d.html]
[www.dana.id/webAssets/build/_assets/index-TJFYLOGT.css]
[www.dana.id/webAssets/build/_assets/index-BEZNMQVH.css]
[www.dana.id/webAssets/build/_assets/index-FAACJRPH.css]
[www.dana.id/webAssets/build/_assets/index-6IKRTL5Y.css]
[www.dana.id/webAssets/build/_assets/index-DITG6RH4.css]
[www.dana.id/webAssets/build/_assets/index-RECJIG2V.css]
[www.dana.id/webAssets/build/_assets/index-XQ6CZ4QU.css]
[www.dana.id/corporate/index6dc5.html]
[www.dana.id/corporate/career-new6dc5.html]
[www.dana.id/corporate/career-newe08d.html]
[www.dana.id/webAssets/build/_assets/index-6KWRBZED.css]
[www.dana.id/webAssets/build/_assets/index-YVCDQUJP.css]
[www.dana.id/webAssets/build/_assets/index-BHQB2KH5.css]
[www.dana.id/corporate/newsroom6dc5.html]
[www.dana.id/corporate/newsroome08d.html]
[www.dana.id/indexe08d.html]
[www.googletagmanager.com/gtm5445.html]
[www.dana.id/_nuxt/d399654.js]
[www.dana.id/promo/ak.m]
[www.dana.id/promo/ak.t]
[a.m.dana.id/danaweb/promo/1735196339-091224-EIS508-EDU_WATER_LOCALIZED-SURABAYA_PROMO-Web_Banner-Cover.png]
[www.dana.id/promo/pertama-kali-tagihan-pdam-kota-surabaya-di-dana-diskon-rp5ribu.html]
[a.m.dana.id/danaweb/promo/1734495261-131224-EIS513-QR_KV_TURUNAN_JUMBO-SOLARIA-WEB_BANNER-COVER.png]
[www.dana.id/promo/promo-solaria-setiap-jumat-cashback-5-maksimum-rp10000-dengan-scan-dana-qris.html]
[a.m.dana.id/danaweb/promo/1734494625-131224-EIS513-QR_KV_TURUNAN_JUMBO-YOSHINOYA-WEB_BANNER-COVER.png]
[www.dana.id/promo/promo-yoshinoya-setiap-jumat-cashback-5-maksimum-rp10000-dengan-scan-dana-qris.html]
[a.m.dana.id/danaweb/promo/1734494102-131224-EIS513-QR_KV_TURUNAN_JUMBO-KFC-Web_Banner-Cover.png]
[www.dana.id/promo/promo-kfc-setiap-jumat-cashback-10-maksimum-rp10000-dengan-scan-dana-qris.html]
[a.m.dana.id/danaweb/promo/1734493366-131224-EIS513-QR_KV_TURUNAN_JUMBO-DAIRY_QUEEN-Web_Banner-Cover.png]
[www.dana.id/promo/promo-dairy-queen-setiap-jumat-cashback-10-maksimum-rp10000-dengan-scan-dana-qris.html]
[a.m.dana.id/danaweb/promo/1734421007-131224-EIS513-QR_KV_TURUNAN_JUMBO-AUNTIE_ANNE_S-Web_Banner-Cover.png]
[www.dana.id/promo/promo-auntie-annes-setiap-jumat-cashback-10-maksimum-rp10000-pakai-dana-qris.html]
[a.m.dana.id/danaweb/promo/1734420502-131224-EIS513-QR_KV_TURUNAN_JUMBO-HOKBEN-WEB_BANNER-COVER.png]
[www.dana.id/promo/promo-hokben-setiap-jumat-cashback-10-maksimum-rp10000-pakai-dana-qris.html]
[a.m.dana.id/danaweb/promo/1734420012-131224-EIS513-QR_KV_TURUNAN_JUMBO-CIRCLE_K-WEB_BANNER-COVER.png]
[www.dana.id/promo/promo-circle-k-setiap-jumat-cashback-20-maksimum-rp10000-pakai-dana-qris.html]
[www.dana.id/webAssets/build/_assets/index-WWW6OQYV.css]
[www.dana.id/webAssets/build/_assets/index-FKAOXK7Q.css]
[www.dana.id/webAssets/build/_assets/index-W257CVHJ.css]
[www.dana.id/webAssets/build/_assets/index-E3FUFWCY.css]
[www.dana.id/webAssets/build/_assets/style-3VBQVSIA.css]
[www.dana.id/webAssets/build/_assets/style-GELMICCO.css]
[www.dana.id/webAssets/build/_assets/style-4BLR5KTT.css]
[www.dana.id/webAssets/build/_assets/index-SA7L7QU5.css]
[www.dana.id/webAssets/build/_assets/index-ACK7NABH.css]
[www.dana.id/webAssets/build/_assets/index-LEJTY6KD.css]
[www.dana.id/webAssets/build/_assets/index-XOSM5RYX.css]
[www.dana.id/webAssets/build/_assets/index-SNJ3Z45D.css]
[www.dana.id/webAssets/build/_assets/index-DCUFF63P.css]
[www.dana.id/webAssets/build/_assets/index-GAZPMAK6.css]
[www.dana.id/webAssets/build/_assets/index-7RHUIPLW.css]
[www.dana.id/webAssets/build/_assets/index-BHCMAR6Y.css]
[www.dana.id/help-center6dc5.html]
[www.dana.id/help-centere08d.html]
[www.dana.id/webAssets/build/_assets/index-UVYIWUAX.css]
[www.dana.id/webAssets/build/_assets/index-Q2LUF5OE.css]
[www.dana.id/help-center/ak6dc5.html]
[www.dana.id/webAssets/build/_shared/chunk-DQR36KNK.js]
[www.dana.id/webAssets/build/_shared/chunk-WJ5OYQJC.js]
[www.dana.id/webAssets/build/routes/__help-center/help-center/$slug-ISCVRTFI.js]
[www.dana.id/help-center/ak.html]
[www.dana.id/help-center/ak6dc5-2.html]
[www.dana.id/help-center/ak-2.html]
[www.dana.id/help-center/contacte08d.html]
[www.dana.id/help-center/contact6dc5.html]
[www.dana.id/webAssets/build/_assets/index-ITGHHLFN.css]
[www.dana.id/webAssets/build/_assets/pagination-OBZBH6M5.css]
[www.dana.id/webAssets/build/_assets/index-Z5IQVFHD.css]
[www.dana.id/termse08d.html]
[www.dana.id/terms6dc5.html]
[www.dana.id/policy6dc5.html]
[www.dana.id/www.dana.html]
[www.dana.id/personal/digital-wallete08d.html]
[www.dana.id/personal/financee08d.html]
[www.dana.id/personal/lifestyle6dc5.html]
[www.dana.id/businesse08d.html]
[www.dana.id/business/payment-gateway6dc5.html]
[www.dana.id/business/payment-gateway/calculator6dc5.html]
[www.dana.id/business/integrated-payment6dc5.html]
[www.dana.id/policye08d.html]
[www.dana.id/business/pos-device6dc5.html]
[www.dana.id/business/microbusiness6dc5.html]
[www.dana.id/business/disbursement6dc5.html]
[www.dana.id/business/deals6dc5.html]
[www.dana.id/business/loyalty6dc5.html]
[www.dana.id/business/pricing-info6dc5.html]
[www.dana.id/business/merchant-resources6dc5.html]
[www.dana.id/business/contact-use08d.html]
[www.dana.id/corporate/index6dc5.html]
[www.dana.id/corporate/career-new6dc5.html]
[www.dana.id/corporate/newsroom6dc5.html]
[www.dana.id/promo/ak.html]
[www.dana.id/promo/ak-2.html]
[www.dana.id/help-center6dc5.html]
[www.dana.id/webAssets/build/_assets/index-UVYIWUAX.css]
[www.dana.id/webAssets/build/_assets/index-Q2LUF5OE.css]
[www.dana.id/help-center/ake08d.html]
[www.dana.id/help-center/ak6dc5.html]
[www.dana.id/help-center/ake08d-2.html]
[www.dana.id/help-center/ak6dc5-2.html]
[www.dana.id/help-center/contacte08d.html]
[www.dana.id/terms6dc5.html]
[www.dana.id/policye08d.html]
[www.dana.id/help-center/ake08d.html]
[www.dana.id/help-center/ake08d-2.html]
